// Jest Snapshot v1, https://goo.gl/fbAQLP

exports[`EighthDayForecast component should render EighthDayForecast component with propsData 1`] = `
<div
  className="eighthDayForecast"
>
  <div>
    Mon, Sep 27
  </div>
   
  <div
    className="imgWrapper"
  >
    <ForwardRef(CardMedia)
      component="img"
      height={70}
      image="http://openweathermap.org/img/wn/10d@2x.png"
    />
  </div>
  <div
    className="text"
  >
    12
     / 
    17
    â„ƒ
  </div>
  <div
    className="text"
  >
    Moderate rain
  </div>
</div>
`;
